// Jest Snapshot v1, https://goo.gl/fbAQLP

exports[`<BlogPosts />  snapshot test 1`] = `
<div>
  <div
    className="posts"
  >
    <div>
      <img
        height="210px"
        src="abstract.png"
        width="240px"
      />
      <h3>
        The future of abstract art and the culture ...
      </h3>
      <p>
        Create a blog post subtitle that summarizes your post in a few short, punchy sentences and entices your...
      </p>
      <span>
        <img
          height="20px"
          src={
            Object {
              "ReactComponent": [Function],
              "__esModule": true,
              "default": "clapping.svg",
            }
          }
          width="20px"
        />
        <img
          height="20px"
          src={
            Object {
              "ReactComponent": [Function],
              "__esModule": true,
              "default": "heart-red.svg",
            }
          }
          width="20px"
        />
      </span>
    </div>
    <div>
      <img
        height="210"
        src="outdoor.png"
        width="240"
      />
      <h3>
        How painting outdoors can transform your 
      </h3>
      <p>
        Create a blog post subtitle that summarizes your post in a few short, punchy sentences and entices your...
      </p>
      <span>
        <img
          alt=""
          height="20px"
          src={
            Object {
              "ReactComponent": [Function],
              "__esModule": true,
              "default": "clapping.svg",
            }
          }
          width="20px"
        />
        <img
          height="20px"
          src={
            Object {
              "ReactComponent": [Function],
              "__esModule": true,
              "default": "heart-red.svg",
            }
          }
          width="20px"
        />
      </span>
    </div>
    <div>
      <img
        height="210"
        src="young-painters.png"
        width="240"
      />
      <h3>
        10 young painters you need to know
      </h3>
      <p>
        Create a blog post subtitle that summarizes your post in a few short, punchy sentences and entices your...
      </p>
      <span>
        <img
          height="20px"
          src={
            Object {
              "ReactComponent": [Function],
              "__esModule": true,
              "default": "clapping.svg",
            }
          }
          width="20px"
        />
        <img
          height="20px"
          src={
            Object {
              "ReactComponent": [Function],
              "__esModule": true,
              "default": "heart-red.svg",
            }
          }
          width="20px"
        />
      </span>
    </div>
  </div>
  <div
    className="posts"
  >
    <div>
      <img
        height="210"
        src="perfect-art.png"
        width="240"
      />
      <h3>
        Tips for creating the perfect art
      </h3>
      <p>
        Create a blog post subtitle that summarizes your post in a few short, punchy sentences and entices your...
      </p>
      <span>
        <img
          height="20px"
          src={
            Object {
              "ReactComponent": [Function],
              "__esModule": true,
              "default": "clapping.svg",
            }
          }
          width="20px"
        />
        <img
          height="20px"
          src={
            Object {
              "ReactComponent": [Function],
              "__esModule": true,
              "default": "heart-red.svg",
            }
          }
          width="20px"
        />
      </span>
    </div>
    <div>
      <img
        height="210"
        src="inspired.png"
        width="240"
      />
      <h3>
        Stay inspired: top artists blog ...
      </h3>
      <p>
        Create a blog post subtitle that summarizes your post in a few short, punchy sentences and entices your...
      </p>
      <span>
        <img
          height="20px"
          src={
            Object {
              "ReactComponent": [Function],
              "__esModule": true,
              "default": "clapping.svg",
            }
          }
          width="20px"
        />
        <img
          height="20px"
          src={
            Object {
              "ReactComponent": [Function],
              "__esModule": true,
              "default": "heart-red.svg",
            }
          }
          width="20px"
        />
      </span>
    </div>
    <div>
      <img
        height="210"
        src="reason.png"
        width="240"
      />
      <h3>
        5 reasons why everyone should try an...
      </h3>
      <p>
        Create a blog post subtitle that summarizes your post in a few short, punchy sentences and entices your...
      </p>
      <span>
        <img
          height="20px"
          src={
            Object {
              "ReactComponent": [Function],
              "__esModule": true,
              "default": "clapping.svg",
            }
          }
          width="20px"
        />
        <img
          height="20px"
          src={
            Object {
              "ReactComponent": [Function],
              "__esModule": true,
              "default": "heart-red.svg",
            }
          }
          width="20px"
        />
      </span>
    </div>
  </div>
  <a
    href="/form"
    onClick={[Function]}
  >
    <input
      name="post"
      type="button"
      value="Post"
    />
  </a>
</div>
`;
